[2026-09-25 21:00:33.944527] [INFO] - Food added in Successfully
[2026-09-26 10:18:49.697748] [INFO] - Food added in Successfully
[2026-09-29 12:52:02.822905] [INFO] - Food added in Successfully
[2026-09-29 12:56:47.327927] [INFO] - Food added in Successfully
[2026-09-29 13:10:02.186460] [INFO] - Food added in Successfully
[2026-09-29 20:02:30.906619] [INFO] - Food added in Successfully
[2026-09-29 20:04:28.576038] [INFO] - Food added in Successfully
[2026-09-29 20:04:57.888936] [INFO] - Food added in Successfully
[2026-09-29 20:07:07.375081] [INFO] - Food added in Successfully
[2026-09-29 20:07:32.477825] [INFO] - Food added in Successfully
[2026-09-29 20:08:06.006226] [INFO] - Food added in Successfully
[2026-09-29 20:08:46.118966] [INFO] - Food added in Successfully
[2026-09-29 20:09:05.332032] [INFO] - Food added in Successfully
[2026-09-29 20:12:03.575606] [INFO] - Food added in Successfully
[2026-09-29 20:13:10.345504] [INFO] - Food added in Successfully
[2026-09-29 20:19:15.872797] [INFO] - Food added in Successfully
[2026-09-29 20:20:10.148046] [INFO] - Food added in Successfully
[2026-09-29 20:53:23.641844] [INFO] - Food added in Successfully
[2026-09-29 20:53:41.906816] [INFO] - Food added in Successfully
[2026-09-29 20:54:05.545246] [INFO] - Food added in Successfully
[2026-09-29 20:54:56.099245] [INFO] - Food added in Successfully
[2026-09-29 20:55:17.374065] [INFO] - Food added in Successfully
[2026-09-29 20:55:42.129931] [INFO] - Food added in Successfully
[2026-09-29 20:55:59.500477] [INFO] - Food added in Successfully
[2026-09-29 20:56:31.536122] [INFO] - Food added in Successfully
[2026-09-29 20:57:04.345981] [INFO] - Food added in Successfully
[2026-09-29 20:57:40.656535] [INFO] - Food added in Successfully
[2026-09-29 20:59:47.951674] [INFO] - Food added in Successfully
[2026-09-29 21:00:50.429545] [INFO] - Food added in Successfully
[2026-09-29 21:01:29.405493] [INFO] - Food added in Successfully
[2026-09-29 21:02:10.191964] [INFO] - Food added in Successfully
[2026-09-29 21:02:39.230466] [INFO] - Food added in Successfully
[2026-09-29 21:03:44.358695] [INFO] - Food added in Successfully
[2026-09-29 21:04:24.970208] [INFO] - Food added in Successfully
[2026-09-29 21:06:43.284534] [INFO] - Food added in Successfully
[2026-09-29 21:09:05.861111] [INFO] - Food added in Successfully
[2026-09-29 21:10:14.217530] [INFO] - Food added in Successfully
[2026-09-29 21:15:19.716049] [INFO] - Food added in Successfully
[2026-09-29 21:15:41.305227] [INFO] - Food added in Successfully
[2026-09-29 21:16:19.660357] [INFO] - Food added in Successfully
[2026-09-29 21:19:38.283404] [INFO] - Food added in Successfully
[2026-09-29 21:20:22.606836] [INFO] - Food added in Successfully
[2026-09-29 21:21:00.802782] [INFO] - Food added in Successfully
[2026-09-29 21:25:53.190675] [INFO] - Food added in Successfully
[2026-09-29 21:26:33.725703] [INFO] - Food added in Successfully
[2026-09-29 21:27:38.483908] [INFO] - Food added in Successfully
[2026-09-29 21:29:12.640628] [INFO] - Food added in Successfully
[2026-09-29 21:30:23.929040] [INFO] - Food added in Successfully
[2026-09-29 21:33:16.355593] [INFO] - Food added in Successfully
[2026-09-29 21:34:56.052073] [INFO] - Food added in Successfully
[2026-09-29 21:36:03.585466] [INFO] - Food added in Successfully
[2026-09-30 12:47:58.679673] [INFO] - Food added in Successfully
[2026-09-30 12:48:21.982931] [INFO] - Food added in Successfully
[2026-09-30 12:48:58.107715] [INFO] - Food added in Successfully
[2026-09-30 12:49:40.470828] [INFO] - Food added in Successfully
[2026-09-30 12:50:39.830449] [INFO] - Food added in Successfully
[2026-09-30 12:51:00.702411] [INFO] - Update Food - Food Name Update Successful
[2026-09-30 12:51:31.732916] [INFO] - Food added in Successfully
[2026-09-30 12:52:00.236646] [INFO] - Food added in Successfully
[2026-09-30 12:52:37.441619] [INFO] - Food added in Successfully
[2026-09-30 12:53:27.721888] [INFO] - Food added in Successfully
[2026-09-30 12:54:01.277737] [INFO] - Food added in Successfully
[2026-09-30 12:55:01.358685] [INFO] - Food added in Successfully
[2026-09-30 12:55:30.511278] [INFO] - Food added in Successfully
[2026-09-30 13:03:51.992069] [INFO] - Food added in Successfully
[2026-09-30 13:04:58.692537] [INFO] - Food added in Successfully
[2026-09-30 13:06:23.425965] [INFO] - Food added in Successfully
[2026-09-30 13:06:50.777192] [INFO] - Food added in Successfully
[2026-09-30 13:09:40.556125] [INFO] - Food added in Successfully
[2026-09-30 13:10:10.739413] [INFO] - Food added in Successfully
[2026-09-30 13:10:42.226002] [INFO] - Food added in Successfully
[2026-09-30 13:11:19.168453] [INFO] - Food added in Successfully
[2026-09-30 13:12:06.388682] [INFO] - Food added in Successfully
[2026-09-30 13:14:56.618209] [INFO] - Food added in Successfully
[2026-09-30 13:15:25.942028] [INFO] - Food added in Successfully
[2026-09-30 13:16:29.766940] [INFO] - Food added in Successfully
[2026-09-30 13:16:59.138361] [INFO] - Update Food - Half Size Price Update Successful
[2026-09-30 13:17:22.455950] [INFO] - Update Food - Full Size Price Update Successful
[2026-09-30 13:17:59.866419] [INFO] - Food added in Successfully
[2026-09-30 13:18:17.549081] [INFO] - Food added in Successfully
[2026-09-30 13:18:36.059908] [INFO] - Food added in Successfully
[2026-09-30 13:19:19.579041] [INFO] - Food added in Successfully
[2026-09-30 13:20:08.117771] [INFO] - Food added in Successfully
[2026-09-30 13:20:34.973964] [INFO] - Food added in Successfully
[2026-09-30 13:21:10.516001] [INFO] - Food added in Successfully
[2026-09-30 13:21:55.977352] [INFO] - Food added in Successfully
[2026-09-30 13:22:20.896581] [INFO] - Food added in Successfully
[2026-09-30 13:23:14.919979] [INFO] - Food added in Successfully
[2026-09-30 13:23:43.751489] [INFO] - Food added in Successfully
[2026-09-30 13:24:23.618466] [INFO] - Food added in Successfully
[2026-09-30 13:26:12.564918] [INFO] - Update Food - Half Size Price Update Successful
[2026-09-30 13:26:30.511038] [INFO] - Update Food - Full Size Price Update Successful
[2026-09-30 13:27:11.095547] [INFO] - Update Food - Half Size Price Update Successful
[2026-09-30 13:27:21.269529] [INFO] - Update Food - Full Size Price Update Successful
[2026-09-30 13:27:48.941096] [INFO] - Update Food - Half Size Price Update Successful
[2026-09-30 13:28:03.830142] [INFO] - Update Food - Full Size Price Update Successful
[2026-09-30 13:28:21.645196] [INFO] - Update Food - Half Size Price Update Successful
[2026-09-30 13:28:33.040465] [INFO] - Update Food - Full Size Price Update Successful
[2026-09-30 13:29:17.021438] [INFO] - Update Food - Half Size Price Update Successful
[2026-09-30 13:29:28.129501] [INFO] - Update Food - Full Size Price Update Successful
[2026-09-30 13:30:04.352167] [INFO] - Update Food - Half Size Price Update Successful
[2026-09-30 13:30:13.226091] [INFO] - Update Food - Full Size Price Update Successful
[2026-09-30 13:30:35.423720] [INFO] - Update Food - Half Size Price Update Successful
[2026-09-30 13:30:49.084271] [INFO] - Update Food - Full Size Price Update Successful
[2026-09-30 13:31:15.869878] [INFO] - Update Food - Half Size Price Update Successful
[2026-09-30 13:31:48.180141] [INFO] - Update Food - Full Size Price Update Successful
[2026-09-30 13:32:19.527481] [INFO] - Update Food - Half Size Price Update Successful
[2026-09-30 13:32:30.401018] [INFO] - Update Food - Full Size Price Update Successful
[2026-09-30 13:34:31.828562] [INFO] - Update Food - Half Size Price Update Successful
[2026-09-30 13:34:39.704489] [INFO] - Update Food - Full Size Price Update Successful
[2026-09-30 13:35:06.823952] [INFO] - Update Food - Half Size Price Update Successful
[2026-09-30 13:35:26.790729] [INFO] - Update Food - Full Size Price Update Successful
[2026-09-30 13:35:45.004836] [INFO] - Update Food - Half Size Price Update Successful
[2026-09-30 13:35:53.932993] [INFO] - Update Food - Full Size Price Update Successful
[2026-09-30 13:36:53.250473] [INFO] - Update Food - Half Size Price Update Successful
[2026-09-30 13:37:06.195369] [INFO] - Update Food - Full Size Price Update Successful
[2026-09-30 13:37:21.361630] [INFO] - Update Food - Half Size Price Update Successful
[2026-09-30 13:37:33.709935] [INFO] - Update Food - Full Size Price Update Successful
[2026-09-30 13:37:54.252819] [INFO] - Update Food - Half Size Price Update Successful
[2026-09-30 13:38:02.107322] [INFO] - Update Food - Full Size Price Update Successful
[2026-09-30 13:40:56.709858] [INFO] - Update Food - Half Size Price Update Successful
[2026-09-30 13:41:12.443846] [INFO] - Update Food - Full Size Price Update Successful
[2026-09-30 13:41:55.527142] [INFO] - Update Food - Half Size Price Update Successful
[2026-09-30 13:45:27.728073] [INFO] - Update Food - Full Size Price Update Successful
[2026-09-30 13:47:10.066204] [INFO] - Update Food - Half Size Price Update Successful
[2026-09-30 13:47:21.566809] [INFO] - Update Food - Full Size Price Update Successful
[2026-09-30 13:47:44.746504] [INFO] - Update Food - Half Size Price Update Successful
[2026-09-30 13:47:56.296882] [INFO] - Update Food - Full Size Price Update Successful
[2026-09-30 13:48:18.337044] [INFO] - Update Food - Half Size Price Update Successful
[2026-09-30 13:48:30.245310] [INFO] - Update Food - Full Size Price Update Successful
[2026-09-30 13:48:54.056619] [INFO] - Update Food - Half Size Price Update Successful
[2026-09-30 13:49:05.913126] [INFO] - Update Food - Full Size Price Update Successful
[2026-09-30 13:49:46.236121] [INFO] - Update Food - Half Size Price Update Successful
[2026-09-30 13:50:01.155182] [INFO] - Update Food - Full Size Price Update Successful
[2026-09-30 13:50:27.357013] [INFO] - Update Food - Half Size Price Update Successful
[2026-09-30 13:50:56.703494] [INFO] - Update Food - Full Size Price Update Successful
[2026-09-30 13:51:16.590321] [INFO] - Update Food - Half Size Price Update Successful
[2026-09-30 13:51:42.116407] [INFO] - Update Food - Full Size Price Update Successful
[2026-09-30 13:52:24.883563] [INFO] - Update Food - Half Size Price Update Successful
[2026-09-30 13:52:35.370959] [INFO] - Update Food - Full Size Price Update Successful
[2026-09-30 13:53:04.987439] [INFO] - Update Food - Half Size Price Update Successful
[2026-09-30 13:53:24.793480] [INFO] - Update Food - Half Size Price Update Successful
[2026-09-30 13:53:34.968910] [INFO] - Update Food - Full Size Price Update Successful
[2026-09-30 13:54:07.734059] [INFO] - Update Food - Full Size Price Update Successful
[2026-09-30 13:54:33.993428] [INFO] - Update Food - Half Size Price Update Successful
[2026-09-30 13:54:55.191281] [INFO] - Update Food - Full Size Price Update Successful
[2026-09-30 13:55:29.181527] [INFO] - Update Food - Half Size Price Update Successful
[2026-09-30 13:56:11.914790] [INFO] - Update Food - Half Size Price Update Successful
[2026-09-30 13:56:30.530607] [INFO] - Update Food - Full Size Price Update Successful
[2026-09-30 13:56:52.447482] [INFO] - Update Food - Half Size Price Update Successful
[2026-09-30 13:57:13.793822] [INFO] - Update Food - Half Size Price Update Successful
[2026-09-30 13:57:30.040652] [INFO] - Update Food - Full Size Price Update Successful
[2026-09-30 13:57:52.609061] [INFO] - Update Food - Half Size Price Update Successful
[2026-09-30 13:58:05.388910] [INFO] - Update Food - Full Size Price Update Successful
[2026-09-30 13:58:23.704815] [INFO] - Update Food - Half Size Price Update Successful
[2026-09-30 13:58:42.331845] [INFO] - Update Food - Full Size Price Update Successful
[2026-10-01 21:11:47.142395] [INFO] - Update Food - Half Size Price Update Successful
[2026-10-01 21:12:03.052788] [INFO] - Update Food - Full Size Price Update Successful
[2026-10-01 21:12:54.568749] [INFO] - Update Food - Half Size Price Update Successful
[2026-10-01 21:13:07.300843] [INFO] - Update Food - Full Size Price Update Successful
[2026-10-01 21:14:01.618921] [INFO] - Update Food - Half Size Price Update Successful
[2026-10-01 21:14:12.717870] [INFO] - Update Food - Full Size Price Update Successful
[2026-10-01 21:14:29.660570] [INFO] - Update Food - Half Size Price Update Successful
[2026-10-01 21:14:41.600254] [INFO] - Update Food - Full Size Price Update Successful
[2026-10-01 21:15:00.751302] [INFO] - Update Food - Half Size Price Update Successful
[2026-10-01 21:15:23.589694] [INFO] - Update Food - Half Size Price Update Successful
[2026-10-01 21:15:55.366032] [INFO] - Update Food - Full Size Price Update Successful
[2026-10-01 21:16:27.344589] [INFO] - Update Food - Program Back Successful
[2026-10-01 21:16:44.690123] [INFO] - Update Food - Full Size Price Update Successful
[2026-10-01 21:17:07.703692] [INFO] - Update Food - Half Size Price Update Successful
[2026-10-01 21:17:31.191480] [INFO] - Update Food - Full Size Price Update Successful
[2026-10-01 21:17:50.628314] [INFO] - Update Food - Half Size Price Update Successful
[2026-10-01 21:18:14.202981] [INFO] - Update Food - Full Size Price Update Successful
[2026-10-01 21:18:36.435404] [INFO] - Update Food - Half Size Price Update Successful
[2026-10-01 21:18:50.033629] [INFO] - Update Food - Full Size Price Update Successful
[2026-10-01 21:19:11.888312] [INFO] - Update Food - Half Size Price Update Successful
[2026-10-01 21:19:22.716047] [INFO] - Update Food - Full Size Price Update Successful
[2026-10-01 21:20:14.526900] [INFO] - Update Food - Half Size Price Update Successful
[2026-10-01 21:20:24.253581] [INFO] - Update Food - Full Size Price Update Successful
[2026-10-01 21:26:47.931846] [INFO] - Food added in Successfully
[2026-10-01 21:27:23.830083] [INFO] - Food added in Successfully
[2026-10-01 21:29:25.326851] [INFO] - Food added in Successfully
[2026-10-01 21:30:37.140521] [INFO] - Food added in Successfully
[2026-10-01 21:31:13.388866] [INFO] - Food added in Successfully
[2026-10-01 21:32:28.466590] [INFO] - Food added in Successfully
[2026-10-01 21:34:04.060244] [INFO] - Food added in Successfully
[2026-10-01 21:34:31.060705] [INFO] - Food added in Successfully
[2026-10-01 21:35:23.610780] [INFO] - Food added in Successfully
[2026-10-01 21:37:43.578930] [INFO] - Food added in Successfully
[2026-10-01 21:38:36.771862] [INFO] - Food added in Successfully
[2026-10-01 21:39:02.858169] [INFO] - Food added in Successfully
[2026-10-01 21:40:48.626420] [INFO] - Food added in Successfully
[2026-10-01 21:41:24.616503] [INFO] - Food added in Successfully
[2026-10-01 21:42:17.060591] [INFO] - Food added in Successfully
[2026-10-01 21:43:04.579836] [INFO] - Food added in Successfully
[2026-10-01 21:44:51.577270] [INFO] - Food added in Successfully
[2026-10-01 21:45:21.190812] [INFO] - Update Food - Food Name Update Successful
[2026-10-01 21:46:20.353294] [INFO] - Food added in Successfully
[2026-10-01 21:47:41.505883] [INFO] - Food added in Successfully
[2026-10-01 21:48:03.228927] [INFO] - Food added in Successfully
[2026-10-01 21:48:56.603812] [INFO] - Food added in Successfully
[2026-10-01 21:49:58.146169] [INFO] - Food added in Successfully
[2026-10-01 21:50:50.163863] [INFO] - Food added in Successfully
[2026-10-01 21:51:19.285013] [INFO] - Food added in Successfully
[2026-10-01 21:51:52.857510] [INFO] - Food added in Successfully
[2026-10-01 21:52:51.054643] [INFO] - Food added in Successfully
[2026-10-01 21:53:14.747238] [INFO] - Food added in Successfully
[2026-10-01 21:54:07.121430] [INFO] - Food added in Successfully
[2026-10-01 21:59:31.407546] [INFO] - Food added in Successfully
[2026-10-01 22:00:08.692719] [INFO] - Update Food - Food Name Update Successful
[2026-10-02 11:29:08.103094] [INFO] - Food added in Successfully
[2026-10-05 09:34:42.459510] [INFO] - Delete Food - Food Delete Successful
[2026-10-05 09:45:26.256430] [INFO] - Update Food - Food Name Update Successful
[2026-10-05 12:57:11.439065] [INFO] - Create Order - Food Added Successful
[2026-10-05 13:49:41.881493] [INFO] - Update Food - Food Name Update Successful
[2026-10-05 13:50:32.067035] [INFO] - Delete Food - Food Delete Successful
[2026-10-05 14:00:45.886511] [INFO] - Create Order - Food Added Successful
[2026-10-05 14:03:20.941266] [INFO] - Create Order - Food Added Successful
[2026-10-05 14:03:49.812171] [INFO] - Create Order - Food Added Successful
[2026-10-06 07:55:01.628991] [INFO] - Create Order - Food Added Successful
[2026-10-06 08:30:59.522707] [INFO] - Create Order - Food Added Successful
[2026-10-06 08:39:43.483291] [INFO] - Create Order - Food Added Successful
[2026-10-06 08:51:22.425592] [INFO] - Create Order - Food Added Successful
[2026-10-06 12:18:32.356593] [INFO] - Create Order - Food Added Successful
[2026-10-06 12:20:23.623808] [INFO] - Create Order - Food Added Successful
