[2026-09-29 11:56:04.855870] [INFO] - Inventory Added In Successful
[2026-09-29 11:59:11.644022] [INFO] - Inventory Added In Successful
[2026-09-29 12:00:55.676230] [INFO] - Inventory Added In Successful
[2026-09-29 12:53:14.048727] [INFO] - Inventory Added In Successful
[2026-09-29 14:58:29.456070] [INFO] - Inventory Added In Successful
[2026-09-29 14:58:55.006550] [INFO] - Inventory Added In Successful
[2026-09-29 15:00:44.899342] [INFO] - Inventory Added In Successful
[2026-09-29 15:01:35.580088] [INFO] - Inventory Added In Successful
[2026-09-29 15:04:17.287368] [INFO] - Inventory Added In Successful
[2026-09-29 15:04:42.826003] [INFO] - Inventory Added In Successful
[2026-09-29 15:05:22.587257] [INFO] - Inventory Added In Successful
[2026-09-29 15:05:51.937967] [INFO] - Inventory Added In Successful
[2026-09-29 15:06:35.089553] [INFO] - Inventory Added In Successful
[2026-09-29 15:07:49.119427] [INFO] - Inventory Added In Successful
[2026-09-29 15:08:17.948116] [INFO] - Inventory Added In Successful
[2026-09-29 15:09:05.958825] [INFO] - Inventory Added In Successful
[2026-09-29 15:09:24.522645] [INFO] - Inventory Added In Successful
[2026-09-29 15:10:02.117782] [INFO] - Inventory Added In Successful
[2026-09-29 15:14:08.751864] [INFO] - Inventory Added In Successful
[2026-09-29 15:15:14.615718] [INFO] - Inventory Added In Successful
[2026-09-29 15:15:40.887588] [INFO] - Update Inventory - Inventory Unit Update Successful
[2026-09-29 15:16:03.638162] [INFO] - Update Inventory - Inventory Quantity Update Successful
[2026-09-29 15:21:49.610266] [INFO] - Update Inventory - Program Back Successful
[2026-09-29 15:22:04.471901] [INFO] - Delete Inventory - Inventory Delete Successful
[2026-09-30 11:51:20.467922] [INFO] - Update Inventory - Inventory Name Update Successful
[2026-09-30 11:51:40.106332] [INFO] - Update Inventory - Inventory Category Update Successful
[2026-09-30 11:52:31.248108] [INFO] - Update Inventory - Inventory Name Update Successful
[2026-09-30 11:52:40.268802] [INFO] - Update Inventory - Inventory Category Update Successful
[2026-09-30 11:56:03.463061] [INFO] - Update Inventory - Inventory Name Update Successful
[2026-09-30 11:56:14.154260] [INFO] - Update Inventory - Inventory Category Update Successful
[2026-09-30 11:56:39.438434] [INFO] - Update Inventory - Inventory Category Update Successful
[2026-09-30 11:56:50.808403] [INFO] - Update Inventory - Inventory Name Update Successful
[2026-09-30 11:57:08.178905] [INFO] - Update Inventory - Inventory Name Update Successful
[2026-09-30 11:57:16.544309] [INFO] - Update Inventory - Inventory Category Update Successful
[2026-09-30 11:57:31.796003] [INFO] - Update Inventory - Inventory Name Update Successful
[2026-09-30 11:57:41.116852] [INFO] - Update Inventory - Inventory Category Update Successful
[2026-09-30 11:57:53.188732] [INFO] - Update Inventory - Inventory Name Update Successful
[2026-09-30 11:58:01.468766] [INFO] - Update Inventory - Inventory Category Update Successful
[2026-09-30 11:58:16.841955] [INFO] - Update Inventory - Inventory Name Update Successful
[2026-09-30 11:58:25.568707] [INFO] - Update Inventory - Inventory Category Update Successful
[2026-09-30 11:58:36.501341] [INFO] - Update Inventory - Inventory Name Update Successful
[2026-09-30 11:58:46.549031] [INFO] - Update Inventory - Inventory Category Update Successful
[2026-09-30 11:58:56.647290] [INFO] - Update Inventory - Inventory Name Update Successful
[2026-09-30 11:59:03.567353] [INFO] - Update Inventory - Inventory Category Update Successful
[2026-09-30 11:59:15.520347] [INFO] - Update Inventory - Inventory Name Update Successful
[2026-09-30 11:59:27.918081] [INFO] - Update Inventory - Inventory Category Update Successful
[2026-09-30 11:59:49.941138] [INFO] - Update Inventory - Inventory Name Update Successful
[2026-09-30 12:00:02.991560] [INFO] - Update Inventory - Inventory Category Update Successful
[2026-09-30 12:00:17.762501] [INFO] - Update Inventory - Inventory Name Update Successful
[2026-09-30 12:00:27.716829] [INFO] - Update Inventory - Inventory Category Update Successful
[2026-09-30 12:00:40.086659] [INFO] - Update Inventory - Inventory Name Update Successful
[2026-09-30 12:00:49.272347] [INFO] - Update Inventory - Inventory Category Update Successful
[2026-09-30 12:01:05.640145] [INFO] - Update Inventory - Inventory Name Update Successful
[2026-09-30 12:01:49.573718] [INFO] - Update Inventory - Inventory Category Update Successful
[2026-09-30 12:02:11.698737] [INFO] - Update Inventory - Inventory Name Update Successful
[2026-09-30 12:02:25.118245] [INFO] - Update Inventory - Inventory Category Update Successful
[2026-10-02 10:55:31.936957] [INFO] - Inventory Added In Successful
[2026-10-02 10:58:10.434691] [INFO] - Update Inventory - Inventory Quantity Update Successful
[2026-10-02 10:58:46.734356] [INFO] - Update Inventory - Inventory Quantity Update Successful
