[2026-09-26 08:28:26.805826] [INFO] - Order Create Successful O2bd
[2026-09-26 10:21:58.209707] [INFO] - Order Create Successful Oa55
[2026-09-26 10:46:36.041741] [INFO] - Order Create Successful Obc3
[2026-09-30 15:17:22.451227] [INFO] - Order Create Successful Ob96
[2026-09-30 15:18:08.616261] [INFO] - Cancel Order - Order Cancel Successful
[2026-10-05 12:57:14.414571] [INFO] - Order Create Successful Oc7f
[2026-10-05 14:03:53.640629] [INFO] - Order Create Successful Obde
[2026-10-06 07:55:17.413792] [INFO] - Order Create Successful Ob74
[2026-10-06 07:56:07.448665] [INFO] - Cancel Order - Order Cancel Successful
[2026-10-06 08:31:02.374114] [INFO] - Order Create Successful Oab6
[2026-10-06 08:39:50.791472] [INFO] - Order Create Successful O547
[2026-10-06 08:51:24.939378] [INFO] - Order Create Successful O98f
[2026-10-06 12:18:35.852727] [INFO] - Order Create Successful O8f3
[2026-10-06 12:20:26.871258] [INFO] - Order Create Successful O256
[2026-10-06 15:01:03.348402] [INFO] - Order Create Successful Oced
[2026-10-07 15:57:30.257223] [INFO] - Order Create Successful O1d2
[2026-10-07 16:07:47.906139] [INFO] - Delete Order - Order Delete Successful
[2026-10-07 16:20:00.876672] [INFO] - Order Create Successful O5bd
[2026-10-07 16:26:24.940980] [INFO] - Delete Order - Order Delete Successful
[2026-10-07 16:28:59.518535] [INFO] - Order Create Successful O84b
[2026-10-07 16:31:27.979261] [INFO] - Order Create Successful Ob5f
[2026-10-07 16:37:51.715303] [INFO] - Order Create Successful Of7e
[2026-10-07 16:43:10.305229] [INFO] - Order Create Successful O616
[2026-10-07 16:47:20.611610] [INFO] - Order Create Successful O43f
[2026-10-07 16:48:01.309935] [INFO] - Order Create Successful O5d1
[2026-10-07 16:48:45.620191] [INFO] - Delete Order - Order Delete Successful
[2026-10-07 16:49:10.108037] [INFO] - Delete Order - Order Delete Successful
[2026-10-07 16:49:20.813582] [INFO] - Delete Order - Order Delete Successful
[2026-10-07 16:49:36.566004] [INFO] - Delete Order - Order Delete Successful
