[2026-09-25 21:52:57.556826] [INFO] -  Table Added in Successfully. Small
[2026-09-26 14:09:52.393937] [INFO] -  Table Added in Successfully. Medium
[2026-09-26 14:12:50.792518] [INFO] -  Table Added in Successfully. Medium
[2026-09-26 14:18:10.736032] [INFO] -  Table Added in Successfully. Medium
[2026-09-28 15:04:18.110522] [INFO] - Cancel Table Booking - Table Booking Cancel Successful
[2026-09-29 11:31:22.714276] [INFO] - Delete Table - Table Delete Successful
[2026-09-30 12:07:26.370986] [INFO] -  Table Added in Successfully. Medium
[2026-09-30 12:07:34.986689] [INFO] -  Table Added in Successfully. Medium
[2026-09-30 12:07:40.353387] [INFO] -  Table Added in Successfully. Medium
[2026-09-30 12:07:47.594064] [INFO] -  Table Added in Successfully. Medium
[2026-09-30 12:07:53.570421] [INFO] -  Table Added in Successfully. Medium
[2026-09-30 12:08:01.301306] [INFO] -  Table Added in Successfully. Medium
[2026-09-30 12:08:23.562229] [INFO] -  Table Added in Successfully. Medium
[2026-09-30 12:08:31.033876] [INFO] -  Table Added in Successfully. Medium
[2026-09-30 12:08:36.853232] [INFO] -  Table Added in Successfully. Medium
[2026-09-30 12:08:41.321356] [INFO] -  Table Added in Successfully. Medium
[2026-09-30 12:08:45.620907] [INFO] -  Table Added in Successfully. Medium
[2026-09-30 12:08:50.023243] [INFO] -  Table Added in Successfully. Medium
[2026-09-30 12:08:54.078699] [INFO] -  Table Added in Successfully. Medium
[2026-09-30 12:09:15.041588] [INFO] -  Table Added in Successfully. Medium
[2026-09-30 12:10:14.272355] [INFO] -  Table Added in Successfully. Small
[2026-09-30 12:10:19.354546] [INFO] -  Table Added in Successfully. Small
[2026-09-30 12:10:23.133336] [INFO] -  Table Added in Successfully. Small
[2026-09-30 12:10:26.598421] [INFO] -  Table Added in Successfully. Small
[2026-09-30 12:10:30.704708] [INFO] -  Table Added in Successfully. Small
[2026-09-30 12:10:34.141762] [INFO] -  Table Added in Successfully. Small
[2026-09-30 12:10:37.730905] [INFO] -  Table Added in Successfully. Small
[2026-09-30 12:10:56.119559] [INFO] -  Table Added in Successfully. Small
[2026-09-30 12:10:59.462091] [INFO] -  Table Added in Successfully. Small
[2026-09-30 12:11:02.771711] [INFO] -  Table Added in Successfully. Small
[2026-09-30 12:11:05.590632] [INFO] -  Table Added in Successfully. Small
[2026-09-30 12:11:08.173436] [INFO] -  Table Added in Successfully. Small
[2026-09-30 12:11:13.108748] [INFO] -  Table Added in Successfully. Small
[2026-09-30 12:11:16.532284] [INFO] -  Table Added in Successfully. Small
[2026-09-30 12:11:19.285193] [INFO] -  Table Added in Successfully. Small
[2026-09-30 14:40:24.144429] [INFO] - Table Booking - Table Booked Successful
[2026-09-30 17:12:18.925879] [INFO] - Cancel Table Booking - Table Booking Cancel Successful
[2026-09-30 18:31:29.319307] [INFO] - Table Booking - Table Booked Successful
[2026-09-30 18:38:31.942345] [INFO] - Delete Table - Table Delete Successful
[2026-10-01 12:32:15.590249] [INFO] - Cancel Table Booking - Table Booking Cancel Successful
[2026-10-01 14:49:43.414189] [INFO] -  Table Added in Successfully. Small
[2026-10-01 14:49:48.825206] [INFO] -  Table Added in Successfully. Small
[2026-10-01 14:49:52.198200] [INFO] -  Table Added in Successfully. Small
[2026-10-01 14:49:56.431217] [INFO] -  Table Added in Successfully. Small
[2026-10-01 14:50:00.464879] [INFO] -  Table Added in Successfully. Small
[2026-10-01 14:50:04.898859] [INFO] -  Table Added in Successfully. Small
[2026-10-01 14:50:08.287595] [INFO] -  Table Added in Successfully. Small
[2026-10-01 14:50:12.591694] [INFO] -  Table Added in Successfully. Small
[2026-10-01 14:50:18.952527] [INFO] -  Table Added in Successfully. Small
[2026-10-01 14:50:23.390257] [INFO] -  Table Added in Successfully. Small
[2026-10-01 14:50:26.518282] [INFO] -  Table Added in Successfully. Small
[2026-10-01 14:50:29.515770] [INFO] -  Table Added in Successfully. Small
[2026-10-01 14:50:32.817137] [INFO] -  Table Added in Successfully. Small
[2026-10-01 14:50:35.867949] [INFO] -  Table Added in Successfully. Small
[2026-10-01 14:50:44.751230] [INFO] -  Table Added in Successfully. Small
[2026-10-01 14:50:47.980065] [INFO] -  Table Added in Successfully. Small
[2026-10-01 14:50:51.643497] [INFO] -  Table Added in Successfully. Small
[2026-10-01 14:50:58.459234] [INFO] -  Table Added in Successfully. Small
[2026-10-01 14:51:04.556470] [INFO] -  Table Added in Successfully. Small
[2026-10-01 14:51:08.696659] [INFO] -  Table Added in Successfully. Small
[2026-10-01 14:51:53.798242] [INFO] -  Table Added in Successfully. Medium
[2026-10-01 14:51:57.969711] [INFO] -  Table Added in Successfully. Medium
[2026-10-01 14:52:01.275801] [INFO] -  Table Added in Successfully. Medium
[2026-10-01 14:52:04.440151] [INFO] -  Table Added in Successfully. Medium
[2026-10-01 14:52:07.793674] [INFO] -  Table Added in Successfully. Medium
[2026-10-01 14:52:11.204668] [INFO] -  Table Added in Successfully. Medium
[2026-10-01 14:52:14.330114] [INFO] -  Table Added in Successfully. Medium
[2026-10-01 14:52:17.889749] [INFO] -  Table Added in Successfully. Medium
[2026-10-01 14:52:21.334405] [INFO] -  Table Added in Successfully. Medium
[2026-10-01 14:53:03.198462] [INFO] -  Table Added in Successfully. Medium
[2026-10-01 14:53:06.542898] [INFO] -  Table Added in Successfully. Medium
[2026-10-01 14:54:04.632600] [INFO] - Update Table - Table Capacity Update Successful
[2026-10-01 14:55:34.183394] [INFO] - Update Table - Program Back Successful
[2026-10-01 14:56:01.174534] [INFO] - Update Table - Table Capacity Update Successful
[2026-10-01 14:56:05.893655] [INFO] - Update Table - Program Back Successful
[2026-10-01 15:01:29.539939] [INFO] - Update Table - Program Back Successful
[2026-10-01 15:01:46.690125] [INFO] - Update Table - Table Capacity Update Successful
[2026-10-01 15:02:13.175146] [INFO] - Update Table - Table Capacity Update Successful
[2026-10-01 20:23:33.331512] [INFO] -  Table Added in Successfully. Medium
[2026-10-01 20:23:42.013955] [INFO] -  Table Added in Successfully. Medium
[2026-10-01 20:23:46.604815] [INFO] -  Table Added in Successfully. Medium
[2026-10-01 20:23:53.020027] [INFO] -  Table Added in Successfully. Medium
[2026-10-01 20:24:01.243318] [INFO] -  Table Added in Successfully. Medium
[2026-10-01 20:24:07.426186] [INFO] -  Table Added in Successfully. Medium
[2026-10-01 20:24:13.976726] [INFO] -  Table Added in Successfully. Medium
[2026-10-01 20:24:29.181343] [INFO] -  Table Added in Successfully. Medium
[2026-10-01 20:24:34.157834] [INFO] -  Table Added in Successfully. Medium
[2026-10-01 20:24:38.583123] [INFO] -  Table Added in Successfully. Vip
[2026-10-01 20:24:44.706191] [INFO] -  Table Added in Successfully. Vip
[2026-10-01 20:24:49.351140] [INFO] -  Table Added in Successfully. Vip
[2026-10-01 20:24:53.083337] [INFO] -  Table Added in Successfully. Vip
[2026-10-01 20:24:56.291097] [INFO] -  Table Added in Successfully. Vip
[2026-10-01 20:24:59.510007] [INFO] -  Table Added in Successfully. Vip
[2026-10-01 20:25:02.938316] [INFO] -  Table Added in Successfully. Vip
[2026-10-01 20:25:10.191300] [INFO] -  Table Added in Successfully. Vip
[2026-10-01 20:25:14.200730] [INFO] -  Table Added in Successfully. Vip
[2026-10-01 20:25:20.410685] [INFO] -  Table Added in Successfully. Vip
[2026-10-01 20:25:23.549482] [INFO] -  Table Added in Successfully. Vip
[2026-10-01 20:25:39.503814] [INFO] -  Table Added in Successfully. Vip
[2026-10-01 20:25:43.810726] [INFO] -  Table Added in Successfully. Vip
[2026-10-01 20:25:52.357635] [INFO] -  Table Added in Successfully. Vip
[2026-10-01 20:26:02.750318] [INFO] -  Table Added in Successfully. Vip
[2026-10-01 20:26:05.852334] [INFO] -  Table Added in Successfully. Vip
[2026-10-01 20:26:08.736289] [INFO] -  Table Added in Successfully. Vip
[2026-10-01 20:26:14.890863] [INFO] -  Table Added in Successfully. Vip
[2026-10-01 20:26:18.020216] [INFO] -  Table Added in Successfully. Vip
[2026-10-01 20:26:25.645478] [INFO] -  Table Added in Successfully. Vip
[2026-10-02 09:57:56.735700] [INFO] - Table Booking - Table Booked Successful
[2026-10-03 11:21:56.671585] [INFO] - Cancel Table Booking - Table Booking Cancel Successful
[2026-10-03 11:33:52.187378] [INFO] - Table Booking - Table Booked Successful
[2026-10-03 11:34:35.722879] [INFO] - Cancel Table Booking - Table Booking Cancel Successful
